// Jest Snapshot v1, https://goo.gl/fbAQLP

exports[`store should have a persistor 1`] = `
Object {
  "bootstrapped": false,
  "registry": Array [
    "rrsb",
  ],
}
`;

exports[`store should have a store 1`] = `
Object {
  "_persist": Object {
    "rehydrated": false,
    "version": -1,
  },
  "app": Object {
    "alerts": Array [],
  },
  "firebase": Object {
    "auth": Object {
      "isEmpty": true,
      "isLoaded": false,
    },
    "authError": null,
    "data": Object {},
    "errors": Array [],
    "isInitializing": false,
    "listeners": Object {
      "allIds": Array [],
      "byId": Object {},
    },
    "ordered": Object {},
    "profile": Object {
      "isEmpty": true,
      "isLoaded": false,
    },
    "requested": Object {},
    "requesting": Object {},
    "timestamps": Object {},
  },
  "github": Object {
    "repos": Object {
      "data": Object {},
      "message": "",
      "query": "",
      "status": "idle",
    },
  },
  "user": Object {
    "isAuthenticated": false,
    "status": "idle",
  },
}
`;
